[rustavalon.com/index.html]
[steamcommunity.com/openid/login.1cd5e.delayed]
[fredirca.github.io/faq.2.delayed]
[steamcommunity.com/openid/loginform/index89ea.html]
[backblue.gif]
[fade.gif]
[index.html]
[rustavalon.com/img/ogimage.jpg]
[rustavalon.com/favicon.ico]
[rustavalon.com/css/simplebardeda.css]
[rustavalon.com/css/stylego512a.css]
[rustavalon.com/css/popupdeda.css]
[rustavalon.com/img/bg3.png]
[rustavalon.com/js/jquery-2.1.4.min.js]
[upload.wikimedia.org/wikipedia/commons/9/9f/Rust_logo.png]
[rustavalon.com/faq.html]
[rustavalon.com/img/banner-skinport1.png]
[rustavalon.com/img/1.png]
[rustavalon.com/img/2.png]
[rustavalon.com/js/socket.io.min.js]
[rustavalon.com/js/simplebar.min.js]
[rustavalon.com/js/jquery.knob.js]
[rustavalon.com/js/jquery-ui.min.js]
[rustavalon.com/js/tipped.js]
[rustavalon.com/js/app89f3.js]
[cdnjs.cloudflare.com/ajax/libs/jquery-modal/0.9.1/jquery.modal.min.js]
[cdnjs.cloudflare.com/ajax/libs/jquery-modal/0.9.1/jquery.modal.min.css]
[rustavalon.com/index.html]
[www.smartsuppchat.com/loaderd41d.js]
[community.cloudflare.steamstatic.com/public/shared/css/motiva_sansfd3c.css]
[community.cloudflare.steamstatic.com/public/shared/css/buttonse638.css]
[community.cloudflare.steamstatic.com/public/shared/css/shared_global9bed.css]
[community.cloudflare.steamstatic.com/public/css/globalv248dc.css]
[community.cloudflare.steamstatic.com/public/shared/css/login4362.css]
[community.cloudflare.steamstatic.com/public/css/skin_1/home687a.css]
[community.cloudflare.steamstatic.com/public/shared/css/shared_responsive86f1.css]
[community.cloudflare.steamstatic.com/public/css/skin_1/header9346.css]
[community.cloudflare.steamstatic.com/public/javascript/prototype-1.7f254.js]
[community.cloudflare.steamstatic.com/public/javascript/scriptaculous/_combinedc2df.js]
[community.cloudflare.steamstatic.com/public/javascript/global6485.js]
[community.cloudflare.steamstatic.com/public/javascript/jquery-1.11.1.min058d.js]
[community.cloudflare.steamstatic.com/public/shared/javascript/tooltip9902.js]
[community.cloudflare.steamstatic.com/public/shared/javascript/shared_globalff24.js]
[community.cloudflare.steamstatic.com/public/shared/javascript/auth_refresh4254.js]
[community.cloudflare.steamstatic.com/public/shared/javascript/login22a1.js]
[community.cloudflare.steamstatic.com/public/shared/javascript/shared_responsive_adapter8d24.js]
[community.cloudflare.steamstatic.com/public/shared/images/responsive/steam_share_image.jpg]
[community.cloudflare.steamstatic.com/public/shared/images/responsive/logo_valve_footer.png]
[community.cloudflare.steamstatic.com/public/shared/images/responsive/header_menu_hamburger.png]
[community.cloudflare.steamstatic.com/public/shared/images/responsive/header_logo.png]
[community.cloudflare.steamstatic.com/public/css/applications/community/main3033.css]
[community.cloudflare.steamstatic.com/public/javascript/applications/community/manifest1645.js]
[community.cloudflare.steamstatic.com/public/javascript/applications/community/libraries_b28b7af6900f7.js]
[community.cloudflare.steamstatic.com/public/javascript/applications/community/mainadff.js]
[steamcommunity.com/openid/loginform/indexc26d.html]
[community.cloudflare.steamstatic.com/public/images/skin_1/footerLogo_valve3860.png]
[steamcommunity.com/openid/loginform/index89ea.html]
[steamcommunity.com/openid/loginform/indexfedb.html]
[steamcommunity.com/openid/loginform/indexfdc1.html]
[steamcommunity.com/openid/loginform/index05f7.html]
[steamcommunity.com/openid/loginform/indexffad.html]
[rustavalon.com/css/simplebardeda.css]
[steamcommunity.com/openid/loginform/indexd608.html]
[steamcommunity.com/openid/loginform/indexc6ee.html]
[steamcommunity.com/openid/loginform/indexe30f.html]
[steamcommunity.com/openid/loginform/indexca07.html]
[steamcommunity.com/openid/loginform/index9ee9.html]
[steamcommunity.com/openid/loginform/index0303.html]
[steamcommunity.com/openid/loginform/index7213.html]
[steamcommunity.com/openid/loginform/indexacbc.html]
[steamcommunity.com/openid/loginform/index5670.html]
[steamcommunity.com/openid/loginform/index460a.html]
[steamcommunity.com/openid/loginform/index7b47.html]
[steamcommunity.com/openid/loginform/index71d4.html]
[steamcommunity.com/openid/loginform/indexaa28.html]
[rustavalon.com/css/reset.css]
[steamcommunity.com/openid/loginform/indexf951.html]
[steamcommunity.com/openid/loginform/index6ad3.html]
[rustavalon.com/css/tipped.css]
[steamcommunity.com/openid/loginform/indexc03d.html]
[steamcommunity.com/openid/loginform/index1455.html]
[steamcommunity.com/openid/loginform/index8d4e.html]
[steamcommunity.com/openid/loginform/indexf37c.html]
[steamcommunity.com/openid/loginform/index9323.html]
[steamcommunity.com/openid/loginform/index1ef1.html]
[steamcommunity.com/openid/loginform/index8c52.html]
[rustavalon.com/fonts/roboto-light.eot]
[steamcommunity.com/openid/loginform/indexb403.html]
[rustavalon.com/fonts/roboto-lightd41d.eot]
[rustavalon.com/fonts/roboto-light.woff]
[rustavalon.com/fonts/roboto-light.ttf]
[rustavalon.com/fonts/roboto-regular.eot]
[rustavalon.com/fonts/roboto-regulard41d.eot]
[rustavalon.com/fonts/roboto-regular.woff]
[rustavalon.com/fonts/roboto-regular.ttf]
[rustavalon.com/fonts/roboto-bold.eot]
[rustavalon.com/fonts/roboto-boldd41d.eot]
[rustavalon.com/fonts/roboto-bold.woff]
[rustavalon.com/fonts/roboto-bold.ttf]
[rustavalon.com/fonts/roboto-medium.eot]
[rustavalon.com/fonts/roboto-mediumd41d.eot]
[rustavalon.com/fonts/roboto-medium.woff2]
[rustavalon.com/fonts/roboto-medium.woff]
[rustavalon.com/fonts/roboto-medium.ttf]
[rustavalon.com/fonts/roboto-medium.svg]
[rustavalon.com/img/icon.steam.png]
[rustavalon.com/img/twitter_blue.48.delayed]
[rustavalon.com/img/chathover.png]
[rustavalon.com/img/cart.png]
[rustavalon.com/img/loading_big.gif]
[rustavalon.com/img/social-div.png]
[rustavalon.com/css/images/facebook.png]
[rustavalon.com/css/images/steam.png]
[rustavalon.com/css/images/twitter.png]
[rustavalon.com/img/logotype202c.png]
[rustavalon.com/img/login.png]
[rustavalon.com/img/clock.png]
[rustavalon.com/css/images/history-short.png]
[rustavalon.com/css/images/history-short-1.png]
[rustavalon.com/css/images/history-short-5.png]
[rustavalon.com/img/add_button/button_csgo.png]
[rustavalon.com/img/add_button/button_csgo_hover.png]
[rustavalon.com/img/add_button/button_dota2.png]
[rustavalon.com/img/add_button/button_dota2_hover.png]
[rustavalon.com/img/refresh.png]
[rustavalon.com/css/stylego512a.css]
[rustavalon.com/img/bg2.jpg]
[rustavalon.com/css/popupdeda.css]
[rustavalon.com/faq.html]
[cdnjs.cloudflare.com/ajax/libs/jquery-modal/0.9.1/jquery.modal.min.css]
[community.cloudflare.steamstatic.com/public/shared/css/motiva_sansfd3c.css]
[rustavalon.com/cdn-cgi/scripts/5c5dd728/cloudflare-static/email-decode.min.js]
[community.cloudflare.steamstatic.com/public/shared/images/buttons/icons_1830f4.png]
[community.cloudflare.steamstatic.com/public/shared/images/buttons/icons_16ae52.png]
[community.cloudflare.steamstatic.com/public/shared/images/buttons/icon_double_arrows.png]
[community.cloudflare.steamstatic.com/public/shared/css/buttonse638.css]
[community.cloudflare.steamstatic.com/public/shared/images/friendindicator_small.png]
[community.cloudflare.steamstatic.com/public/shared/images/popups/btn_arrow_down_padded.png]
[community.cloudflare.steamstatic.com/public/shared/images/popups/btn_arrow_down.png]
[community.cloudflare.steamstatic.com/public/shared/images/community/levels_hexagons.png]
[community.cloudflare.steamstatic.com/public/shared/images/community/levels_shields.png]
[community.cloudflare.steamstatic.com/public/shared/images/community/levels_books.png]
[community.cloudflare.steamstatic.com/public/shared/images/community/levels_chevrons.png]
[community.cloudflare.steamstatic.com/public/shared/images/community/levels_circle2.png]
[community.cloudflare.steamstatic.com/public/shared/images/community/levels_angle.png]
[community.cloudflare.steamstatic.com/public/shared/images/community/levels_flag.png]
[community.cloudflare.steamstatic.com/public/shared/images/community/levels_wings.png]
[community.cloudflare.steamstatic.com/public/shared/images/community/levels_arrows.png]
[community.cloudflare.steamstatic.com/public/shared/images/community/levels_crystals.png]
[community.cloudflare.steamstatic.com/public/shared/images/community/levels_space.png]
[community.cloudflare.steamstatic.com/public/shared/images/community/levels_waterelement.png]
[community.cloudflare.steamstatic.com/public/shared/images/community/levels_fireelement.png]
[community.cloudflare.steamstatic.com/public/shared/images/community/levels_earthelement.png]
[community.cloudflare.steamstatic.com/public/shared/images/community/levels_airelement_1-2.png]
[community.cloudflare.steamstatic.com/public/shared/images/community/levels_airelement_3-4.png]
[community.cloudflare.steamstatic.com/public/shared/images/community/levels_airelement_5-6.png]
[community.cloudflare.steamstatic.com/public/shared/images/community/levels_airelement_7-8.png]
[community.cloudflare.steamstatic.com/public/shared/images/community/levels_airelement_9-10.png]
[community.cloudflare.steamstatic.com/public/shared/images/community/levels_geo_1-25e1f.png]
[community.cloudflare.steamstatic.com/public/shared/images/community/levels_geo_3-45e1f.png]
[community.cloudflare.steamstatic.com/public/shared/images/community/levels_geo_5-65e1f.png]
[community.cloudflare.steamstatic.com/public/shared/images/community/levels_geo_7-85e1f.png]
[community.cloudflare.steamstatic.com/public/shared/images/community/levels_geo_9-105e1f.png]
[community.cloudflare.steamstatic.com/public/shared/images/community/levels_mandala_1-25e1f.png]
[community.cloudflare.steamstatic.com/public/shared/images/community/levels_mandala_3-45e1f.png]
[community.cloudflare.steamstatic.com/public/shared/images/community/levels_mandala_5-65e1f.png]
[community.cloudflare.steamstatic.com/public/shared/images/community/levels_mandala_7-85e1f.png]
[community.cloudflare.steamstatic.com/public/shared/images/community/levels_mandala_9-105e1f.png]
[community.cloudflare.steamstatic.com/public/shared/images/community/levels_spiro_1-25e1f.png]
[community.cloudflare.steamstatic.com/public/shared/images/community/levels_spiro_3-45e1f.png]
[community.cloudflare.steamstatic.com/public/shared/images/community/levels_spiro_5-65e1f.png]
[community.cloudflare.steamstatic.com/public/shared/images/community/levels_spiro_7-85e1f.png]
[community.cloudflare.steamstatic.com/public/shared/images/community/levels_spiro_9-105e1f.png]
[community.cloudflare.steamstatic.com/public/shared/images/community/levels_patterns_1-25e1f.png]
[community.cloudflare.steamstatic.com/public/shared/images/community/levels_patterns_3-45e1f.png]
[community.cloudflare.steamstatic.com/public/shared/images/community/levels_patterns_5-65e1f.png]
[community.cloudflare.steamstatic.com/public/shared/images/community/levels_patterns_7-85e1f.png]
[community.cloudflare.steamstatic.com/public/shared/images/community/levels_patterns_9-105e1f.png]
[community.cloudflare.steamstatic.com/public/shared/images/community/levels_shapes_15e1f.png]
[community.cloudflare.steamstatic.com/public/shared/images/community/levels_shapes_25e1f.png]
[community.cloudflare.steamstatic.com/public/shared/images/community/levels_shapes_35e1f.png]
[community.cloudflare.steamstatic.com/public/shared/images/community/levels_shapes_45e1f.png]
[community.cloudflare.steamstatic.com/public/shared/images/community/levels_shapes_55e1f.png]
[community.cloudflare.steamstatic.com/public/shared/images/community/levels_grunge_15e1f.png]
[community.cloudflare.steamstatic.com/public/shared/images/community/levels_grunge_25e1f.png]
[community.cloudflare.steamstatic.com/public/shared/images/community/levels_grunge_35e1f.png]
[community.cloudflare.steamstatic.com/public/shared/images/community/levels_grunge_45e1f.png]
[community.cloudflare.steamstatic.com/public/shared/images/community/levels_grunge_55e1f.png]
[community.cloudflare.steamstatic.com/public/shared/images/community/levels_halftone_15e1f.png]
[community.cloudflare.steamstatic.com/public/shared/images/community/levels_halftone_25e1f.png]
[community.cloudflare.steamstatic.com/public/shared/images/community/levels_halftone_35e1f.png]
[community.cloudflare.steamstatic.com/public/shared/images/community/levels_5300_dashes.png]
[community.cloudflare.steamstatic.com/public/shared/images/community/levels_5400_crosshatch.png]
[community.cloudflare.steamstatic.com/public/shared/images/community/levels_5500_spiral.png]
[community.cloudflare.steamstatic.com/public/shared/images/community/levels_5600_leaves.png]
[community.cloudflare.steamstatic.com/public/shared/images/community/levels_5700_mountain.png]
[community.cloudflare.steamstatic.com/public/shared/images/community/levels_5800_rain.png]
[community.cloudflare.steamstatic.com/public/shared/images/community/levels_5900_tornado.png]
[community.cloudflare.steamstatic.com/public/shared/images/community/levels_6000_snowflake.png]
[community.cloudflare.steamstatic.com/public/shared/images/community/levels_6100_crown.png]
[community.cloudflare.steamstatic.com/public/images/login/throbber.gif]
[community.cloudflare.steamstatic.com/public/shared/images/popups/hover_arrow_both.gif]
[community.cloudflare.steamstatic.com/public/shared/images/header/globalheader_highlight.png]
[community.cloudflare.steamstatic.com/public/shared/images/header/btn_header_installsteam_download3860.png]
[community.cloudflare.steamstatic.com/public/shared/images/header/notification_bell.png]
[community.cloudflare.steamstatic.com/public/shared/images/header/inbox_icons_sprite.png]
[community.cloudflare.steamstatic.com/public/shared/images/header/inbox_tradeoffers.png]
[community.cloudflare.steamstatic.com/public/shared/images/header/inbox_async_game.png]
[community.cloudflare.steamstatic.com/public/shared/images/header/inbox_async_game_invite.png]
[community.cloudflare.steamstatic.com/public/shared/images/header/inbox_moderator_message.png]
[community.cloudflare.steamstatic.com/public/shared/images/ico/icon_content_warning.png]
[community.cloudflare.steamstatic.com/public/shared/images/v6/icon_expand.png]
[community.cloudflare.steamstatic.com/public/shared/images/v6/icon_expand_white.png]
[community.cloudflare.steamstatic.com/public/shared/css/shared_global9bed.css]
[community.cloudflare.steamstatic.com/public/images/skin_1/comment_friendindicator_small.png]
[community.cloudflare.steamstatic.com/public/images/economy/gray_square_button.png]
[community.cloudflare.steamstatic.com/public/images/sharedfiles/share_status_off.jpg]
[community.cloudflare.steamstatic.com/public/images/sharedfiles/share_status_on.jpg]
[community.cloudflare.steamstatic.com/public/css/globalv248dc.css]
[community.cloudflare.steamstatic.com/public/images/mobile/dropdown_30.png]
[community.cloudflare.steamstatic.com/public/shared/images/login/emailauth_icons2.png]
[community.cloudflare.steamstatic.com/public/shared/images/login/ipt_lockout_icon.png]
[community.cloudflare.steamstatic.com/public/shared/images/login/code_box3860.png]
[community.cloudflare.steamstatic.com/public/shared/images/login/friendlyname_box3860.png]
[community.cloudflare.steamstatic.com/public/shared/images/login/throbber.gif]
[community.cloudflare.steamstatic.com/public/shared/images/login/ipt_lockout_bg.png]
[community.cloudflare.steamstatic.com/public/shared/images/joinsteam/new_login_bg_steam_china.jpg]
[community.cloudflare.steamstatic.com/public/shared/images/joinsteam/new_login_bg_strong_mask.jpg]
[community.cloudflare.steamstatic.com/public/shared/images/joinsteam/new_login_bg_strong_mask_mobile.jpg]
[community.cloudflare.steamstatic.com/public/shared/images/joinsteam/new_login_bg_steam_china_mobile.jpg]
[community.cloudflare.steamstatic.com/public/shared/css/login4362.css]
[community.cloudflare.steamstatic.com/public/images/skin_1/homeBoxBG.gif]
[community.cloudflare.steamstatic.com/public/images/skin_1/rightActionBlockHeader.gif]
[community.cloudflare.steamstatic.com/public/images/skin_1/rightActionBlockFooter.gif]
[community.cloudflare.steamstatic.com/public/images/skin_1/rightActionBlockBG.gif]
[community.cloudflare.steamstatic.com/public/images/skin_1/rightStatsBlockHeader.gif]
[community.cloudflare.steamstatic.com/public/images/skin_1/rightStatsBlockFooter.gif]
[community.cloudflare.steamstatic.com/public/images/skin_1/rightStatsBlockBG.gif]
[community.cloudflare.steamstatic.com/public/images/skin_1/bulletArrow.gif]
[community.cloudflare.steamstatic.com/public/images/header/lowerBarBG.gif]
[community.cloudflare.steamstatic.com/public/images/skin_1/homeBoxTopper.gif]
[community.cloudflare.steamstatic.com/public/images/skin_1/signin_divider.jpg]
[community.cloudflare.steamstatic.com/public/css/skin_1/home687a.css]
[community.cloudflare.steamstatic.com/public/shared/images/responsive/local_menu_hamburger.png]
[community.cloudflare.steamstatic.com/public/shared/css/shared_responsive86f1.css]
[community.cloudflare.steamstatic.com/public/images/header/reportAbuseBG.gif]
[community.cloudflare.steamstatic.com/public/images/header/reportAbuseLeft.gif]
[community.cloudflare.steamstatic.com/public/images/header/reportAbuseRight.gif]
[community.cloudflare.steamstatic.com/public/images/header/maincol_bg_gray.png]
[community.cloudflare.steamstatic.com/public/images/community/searchbox_friendactivity_bg.gif]
[community.cloudflare.steamstatic.com/public/images/header/shadow_corners.png]
[community.cloudflare.steamstatic.com/public/images/header/shadow_topbottom.png]
[community.cloudflare.steamstatic.com/public/images/header/shadow_leftright.png]
[community.cloudflare.steamstatic.com/public/images/updates/communitycontent/community_banner.png]
[community.cloudflare.steamstatic.com/public/css/skin_1/header9346.css]
[community.cloudflare.steamstatic.com/public/shared/css/motiva_sans1db2.css]
[community.cloudflare.steamstatic.com/public/shared/css/buttons6670.css]
[community.cloudflare.steamstatic.com/public/shared/css/shared_globalb4dd.css]
[community.cloudflare.steamstatic.com/public/css/globalv23ee6.css]
[community.cloudflare.steamstatic.com/public/shared/css/logincd05.css]
[community.cloudflare.steamstatic.com/public/css/skin_1/homedd22.css]
[community.cloudflare.steamstatic.com/public/shared/css/shared_responsiveee3c.css]
[community.cloudflare.steamstatic.com/public/css/skin_1/headerd6dc.css]
[community.cloudflare.steamstatic.com/public/javascript/prototype-1.7f185.js]
[community.cloudflare.steamstatic.com/public/javascript/scriptaculous/_combineda376.js]
[community.cloudflare.steamstatic.com/public/javascript/globalfd98.js]
[community.cloudflare.steamstatic.com/public/javascript/jquery-1.11.1.min7e85.js]
[community.cloudflare.steamstatic.com/public/shared/javascript/tooltipbdf0.js]
[community.cloudflare.steamstatic.com/public/shared/javascript/shared_global9bc3.js]
[community.cloudflare.steamstatic.com/public/shared/javascript/auth_refresh243e.js]
[community.cloudflare.steamstatic.com/public/shared/javascript/login612b.js]
[community.cloudflare.steamstatic.com/public/shared/javascript/shared_responsive_adapter1e62.js]
[community.cloudflare.steamstatic.com/public/css/applications/community/main58a8.css]
[community.cloudflare.steamstatic.com/public/javascript/applications/community/manifest1524.js]
[community.cloudflare.steamstatic.com/public/javascript/applications/community/libraries_b28b7af694c43.js]
[steamcommunity.com/openid/loginform/index3b6f.html]
[steamcommunity.com/openid/loginform/indexc26d.html]
[community.cloudflare.steamstatic.com/public/javascript/applications/community/main2767.js]
[community.cloudflare.steamstatic.com/public/shared/css/motiva_sans0663.css]
[community.cloudflare.steamstatic.com/public/shared/css/buttons560b.css]
[community.cloudflare.steamstatic.com/public/shared/css/shared_globalc56a.css]
[community.cloudflare.steamstatic.com/public/css/globalv2720f.css]
[community.cloudflare.steamstatic.com/public/shared/css/logine4b0.css]
[community.cloudflare.steamstatic.com/public/css/skin_1/home44b6.css]
[community.cloudflare.steamstatic.com/public/shared/css/shared_responsive8ab9.css]
[community.cloudflare.steamstatic.com/public/css/skin_1/header532a.css]
[community.cloudflare.steamstatic.com/public/javascript/prototype-1.7f134.js]
[community.cloudflare.steamstatic.com/public/javascript/scriptaculous/_combinede610.js]
[community.cloudflare.steamstatic.com/public/javascript/global4c27.js]
[community.cloudflare.steamstatic.com/public/javascript/jquery-1.11.1.mina2e7.js]
[community.cloudflare.steamstatic.com/public/shared/javascript/tooltipe728.js]
[community.cloudflare.steamstatic.com/public/shared/javascript/shared_global9809.js]
[community.cloudflare.steamstatic.com/public/shared/javascript/auth_refreshf9fd.js]
[community.cloudflare.steamstatic.com/public/shared/javascript/loginef82.js]
[community.cloudflare.steamstatic.com/public/shared/javascript/shared_responsive_adapter2de5.js]
[community.cloudflare.steamstatic.com/public/css/applications/community/maina849.css]
[community.cloudflare.steamstatic.com/public/javascript/applications/community/manifest2fa2.js]
[community.cloudflare.steamstatic.com/public/javascript/applications/community/libraries_b28b7af690490.js]
[steamcommunity.com/openid/loginform/indexfedb.html]
[community.cloudflare.steamstatic.com/public/javascript/applications/community/main44dd.js]
[community.cloudflare.steamstatic.com/public/shared/css/motiva_sansf498.css]
[community.cloudflare.steamstatic.com/public/shared/css/buttonsa3ba.css]
[community.cloudflare.steamstatic.com/public/shared/css/shared_globalf455.css]
[community.cloudflare.steamstatic.com/public/css/globalv2fe60.css]
[community.cloudflare.steamstatic.com/public/shared/css/login4398.css]
[community.cloudflare.steamstatic.com/public/css/skin_1/homeee60.css]
[community.cloudflare.steamstatic.com/public/shared/css/shared_responsive6678.css]
[community.cloudflare.steamstatic.com/public/css/skin_1/header32f9.css]
[community.cloudflare.steamstatic.com/public/javascript/prototype-1.7943e.js]
[community.cloudflare.steamstatic.com/public/javascript/scriptaculous/_combinedaa1f.js]
[community.cloudflare.steamstatic.com/public/javascript/global19e7.js]
[community.cloudflare.steamstatic.com/public/javascript/jquery-1.11.1.min7346.js]
[community.cloudflare.steamstatic.com/public/shared/javascript/tooltip7fdd.js]
[community.cloudflare.steamstatic.com/public/shared/javascript/shared_globalb317.js]
[community.cloudflare.steamstatic.com/public/shared/javascript/auth_refreshf5f0.js]
[community.cloudflare.steamstatic.com/public/shared/javascript/login2cab.js]
[community.cloudflare.steamstatic.com/public/shared/javascript/shared_responsive_adapter7c5d.js]
[community.cloudflare.steamstatic.com/public/css/applications/community/main9515.css]
[community.cloudflare.steamstatic.com/public/javascript/applications/community/manifest0623.js]
[community.cloudflare.steamstatic.com/public/javascript/applications/community/libraries_b28b7af69d6a7.js]
[steamcommunity.com/openid/loginform/index05f7.html]
[community.cloudflare.steamstatic.com/public/javascript/applications/community/mainb8ad.js]
[community.cloudflare.steamstatic.com/public/shared/css/motiva_sanseeda.css]
[community.cloudflare.steamstatic.com/public/shared/css/buttons3245.css]
[community.cloudflare.steamstatic.com/public/shared/css/shared_global19e9.css]
[community.cloudflare.steamstatic.com/public/css/globalv2ce24.css]
[community.cloudflare.steamstatic.com/public/shared/css/login2477.css]
[community.cloudflare.steamstatic.com/public/css/skin_1/home9e91.css]
[community.cloudflare.steamstatic.com/public/shared/css/shared_responsive2e8d.css]
[community.cloudflare.steamstatic.com/public/css/skin_1/header2f76.css]
[community.cloudflare.steamstatic.com/public/javascript/prototype-1.7daa7.js]
[community.cloudflare.steamstatic.com/public/javascript/scriptaculous/_combined4bc1.js]
[community.cloudflare.steamstatic.com/public/javascript/global6f3f.js]
[community.cloudflare.steamstatic.com/public/javascript/jquery-1.11.1.minc174.js]
[community.cloudflare.steamstatic.com/public/shared/javascript/tooltip3a80.js]
[community.cloudflare.steamstatic.com/public/shared/javascript/shared_globalc4ac.js]
[community.cloudflare.steamstatic.com/public/shared/javascript/auth_refresh3f1c.js]
[community.cloudflare.steamstatic.com/public/shared/javascript/loginb7df.js]
[community.cloudflare.steamstatic.com/public/shared/javascript/shared_responsive_adaptera5b6.js]
[community.cloudflare.steamstatic.com/public/css/applications/community/mainf0ff.css]
[community.cloudflare.steamstatic.com/public/javascript/applications/community/manifest4185.js]
[community.cloudflare.steamstatic.com/public/javascript/applications/community/libraries_b28b7af693345.js]
[steamcommunity.com/openid/loginform/indexfdc1.html]
[community.cloudflare.steamstatic.com/public/javascript/applications/community/mainb1a2.js]
[community.cloudflare.steamstatic.com/public/shared/css/motiva_sans32e0.css]
[community.cloudflare.steamstatic.com/public/shared/css/buttons9f2f.css]
[community.cloudflare.steamstatic.com/public/shared/css/shared_global548d.css]
[community.cloudflare.steamstatic.com/public/css/globalv2bc11.css]
[community.cloudflare.steamstatic.com/public/shared/css/login4495.css]
[community.cloudflare.steamstatic.com/public/css/skin_1/home2e14.css]
[community.cloudflare.steamstatic.com/public/shared/css/shared_responsive0181.css]
[community.cloudflare.steamstatic.com/public/css/skin_1/headerf13c.css]
[community.cloudflare.steamstatic.com/public/javascript/prototype-1.7f5d2.js]
[community.cloudflare.steamstatic.com/public/javascript/scriptaculous/_combined5165.js]
[community.cloudflare.steamstatic.com/public/javascript/globalaa23.js]
[community.cloudflare.steamstatic.com/public/javascript/jquery-1.11.1.min31cf.js]
[community.cloudflare.steamstatic.com/public/shared/javascript/tooltip7de9.js]
[community.cloudflare.steamstatic.com/public/shared/javascript/shared_global2c78.js]
[community.cloudflare.steamstatic.com/public/shared/javascript/auth_refreshe398.js]
[community.cloudflare.steamstatic.com/public/shared/javascript/login742b.js]
[community.cloudflare.steamstatic.com/public/shared/javascript/shared_responsive_adapter1a46.js]
[community.cloudflare.steamstatic.com/public/css/applications/community/main9c5c.css]
[community.cloudflare.steamstatic.com/public/javascript/applications/community/manifesta537.js]
[community.cloudflare.steamstatic.com/public/javascript/applications/community/libraries_b28b7af691274.js]
[steamcommunity.com/openid/loginform/indexffad.html]
[community.cloudflare.steamstatic.com/public/javascript/applications/community/maine8bb.js]
[community.cloudflare.steamstatic.com/public/shared/css/motiva_sans5ca9.css]
[community.cloudflare.steamstatic.com/public/shared/css/buttonsdc74.css]
[community.cloudflare.steamstatic.com/public/shared/css/shared_global1dd0.css]
[community.cloudflare.steamstatic.com/public/css/globalv25af2.css]
[community.cloudflare.steamstatic.com/public/shared/css/logindfe7.css]
[community.cloudflare.steamstatic.com/public/css/skin_1/home680b.css]
[community.cloudflare.steamstatic.com/public/shared/css/shared_responsive49f5.css]
[community.cloudflare.steamstatic.com/public/css/skin_1/header2045.css]
[community.cloudflare.steamstatic.com/public/javascript/prototype-1.7906d.js]
[community.cloudflare.steamstatic.com/public/javascript/scriptaculous/_combined9b65.js]
[community.cloudflare.steamstatic.com/public/javascript/global4c36.js]
[community.cloudflare.steamstatic.com/public/javascript/jquery-1.11.1.min207b.js]
[community.cloudflare.steamstatic.com/public/shared/javascript/tooltipf270.js]
[community.cloudflare.steamstatic.com/public/shared/javascript/shared_globalfbf3.js]
[community.cloudflare.steamstatic.com/public/shared/javascript/auth_refresh2a35.js]
[community.cloudflare.steamstatic.com/public/shared/javascript/login94cb.js]
[community.cloudflare.steamstatic.com/public/shared/javascript/shared_responsive_adapterd33a.js]
[community.cloudflare.steamstatic.com/public/css/applications/community/main74a8.css]
[community.cloudflare.steamstatic.com/public/javascript/applications/community/manifest3731.js]
[community.cloudflare.steamstatic.com/public/javascript/applications/community/libraries_b28b7af69e7d2.js]
[steamcommunity.com/openid/loginform/indexd608.html]
[community.cloudflare.steamstatic.com/public/javascript/applications/community/maind7b9.js]
[community.cloudflare.steamstatic.com/public/shared/css/motiva_sansce93.css]
[community.cloudflare.steamstatic.com/public/shared/css/buttons0670.css]
[community.cloudflare.steamstatic.com/public/shared/css/shared_globale6b7.css]
[community.cloudflare.steamstatic.com/public/css/globalv28745.css]
[community.cloudflare.steamstatic.com/public/shared/css/login43c9.css]
[community.cloudflare.steamstatic.com/public/css/skin_1/home71a4.css]
[community.cloudflare.steamstatic.com/public/shared/css/shared_responsive3bde.css]
[community.cloudflare.steamstatic.com/public/css/skin_1/header7391.css]
[community.cloudflare.steamstatic.com/public/javascript/prototype-1.71fe9.js]
[community.cloudflare.steamstatic.com/public/javascript/scriptaculous/_combinedf7e6.js]
[community.cloudflare.steamstatic.com/public/javascript/globalae26.js]
[community.cloudflare.steamstatic.com/public/javascript/jquery-1.11.1.mind11d.js]
[community.cloudflare.steamstatic.com/public/shared/javascript/tooltipac83.js]
[community.cloudflare.steamstatic.com/public/shared/javascript/shared_globalb6fd.js]
[community.cloudflare.steamstatic.com/public/shared/javascript/auth_refresh7e69.js]
[community.cloudflare.steamstatic.com/public/shared/javascript/login0bfb.js]
[community.cloudflare.steamstatic.com/public/shared/javascript/shared_responsive_adapter50ce.js]
[community.cloudflare.steamstatic.com/public/css/applications/community/main3c17.css]
[community.cloudflare.steamstatic.com/public/javascript/applications/community/manifestee62.js]
[community.cloudflare.steamstatic.com/public/javascript/applications/community/libraries_b28b7af69b551.js]
[steamcommunity.com/openid/loginform/indexc6ee.html]
[community.cloudflare.steamstatic.com/public/javascript/applications/community/main72d0.js]
[community.cloudflare.steamstatic.com/public/shared/css/motiva_sans871e.css]
[community.cloudflare.steamstatic.com/public/shared/css/buttons17ea.css]
[community.cloudflare.steamstatic.com/public/shared/css/shared_globale217.css]
[community.cloudflare.steamstatic.com/public/css/globalv2fee8.css]
[community.cloudflare.steamstatic.com/public/shared/css/loginfa67.css]
[community.cloudflare.steamstatic.com/public/css/skin_1/home387a.css]
[community.cloudflare.steamstatic.com/public/shared/css/shared_responsive1785.css]
[community.cloudflare.steamstatic.com/public/css/skin_1/header9102.css]
[community.cloudflare.steamstatic.com/public/javascript/prototype-1.7583f.js]
[community.cloudflare.steamstatic.com/public/javascript/scriptaculous/_combined1a0d.js]
[community.cloudflare.steamstatic.com/public/javascript/globale087.js]
[community.cloudflare.steamstatic.com/public/javascript/jquery-1.11.1.min8219.js]
[community.cloudflare.steamstatic.com/public/shared/javascript/tooltipdc58.js]
[community.cloudflare.steamstatic.com/public/shared/javascript/shared_globala3cf.js]
[community.cloudflare.steamstatic.com/public/shared/javascript/auth_refreshfbeb.js]
[community.cloudflare.steamstatic.com/public/shared/javascript/login61a8.js]
[community.cloudflare.steamstatic.com/public/shared/javascript/shared_responsive_adapter8423.js]
[community.cloudflare.steamstatic.com/public/css/applications/community/mainf953.css]
[community.cloudflare.steamstatic.com/public/javascript/applications/community/manifestae83.js]
[community.cloudflare.steamstatic.com/public/javascript/applications/community/libraries_b28b7af69611c.js]
[steamcommunity.com/openid/loginform/indexe30f.html]
[community.cloudflare.steamstatic.com/public/javascript/applications/community/main03ba.js]
[community.cloudflare.steamstatic.com/public/shared/css/motiva_sans5435.css]
[community.cloudflare.steamstatic.com/public/shared/css/buttons157b.css]
[community.cloudflare.steamstatic.com/public/shared/css/shared_global9271.css]
[community.cloudflare.steamstatic.com/public/css/globalv2cf70.css]
[community.cloudflare.steamstatic.com/public/shared/css/login56d6.css]
[community.cloudflare.steamstatic.com/public/css/skin_1/home658d.css]
[community.cloudflare.steamstatic.com/public/shared/css/shared_responsive116a.css]
[community.cloudflare.steamstatic.com/public/css/skin_1/headere1c0.css]
[community.cloudflare.steamstatic.com/public/javascript/prototype-1.7146d.js]
[community.cloudflare.steamstatic.com/public/javascript/scriptaculous/_combineded62.js]
[community.cloudflare.steamstatic.com/public/javascript/globalbbb5.js]
[community.cloudflare.steamstatic.com/public/javascript/jquery-1.11.1.min1533.js]
[community.cloudflare.steamstatic.com/public/shared/javascript/tooltip80ca.js]
[community.cloudflare.steamstatic.com/public/shared/javascript/shared_global2a60.js]
[community.cloudflare.steamstatic.com/public/shared/javascript/auth_refresh6e3e.js]
[community.cloudflare.steamstatic.com/public/shared/javascript/logincab5.js]
[community.cloudflare.steamstatic.com/public/shared/javascript/shared_responsive_adapter44f1.js]
[community.cloudflare.steamstatic.com/public/css/applications/community/maind503.css]
[community.cloudflare.steamstatic.com/public/javascript/applications/community/manifestb017.js]
[community.cloudflare.steamstatic.com/public/javascript/applications/community/libraries_b28b7af6970f9.js]
[steamcommunity.com/openid/loginform/indexca07.html]
[community.cloudflare.steamstatic.com/public/javascript/applications/community/main7fa3.js]
[community.cloudflare.steamstatic.com/public/shared/css/motiva_sans4735.css]
[community.cloudflare.steamstatic.com/public/shared/css/buttons5c0b.css]
[community.cloudflare.steamstatic.com/public/shared/css/shared_globala877.css]
[community.cloudflare.steamstatic.com/public/css/globalv29ee6.css]
[community.cloudflare.steamstatic.com/public/shared/css/login6674.css]
[community.cloudflare.steamstatic.com/public/css/skin_1/home1b6c.css]
[community.cloudflare.steamstatic.com/public/shared/css/shared_responsive2219.css]
[community.cloudflare.steamstatic.com/public/css/skin_1/headerb1cc.css]
[community.cloudflare.steamstatic.com/public/javascript/prototype-1.7f346.js]
[community.cloudflare.steamstatic.com/public/javascript/scriptaculous/_combinedb913.js]
[community.cloudflare.steamstatic.com/public/javascript/global47ad.js]
[community.cloudflare.steamstatic.com/public/javascript/jquery-1.11.1.min079d.js]
[community.cloudflare.steamstatic.com/public/shared/javascript/tooltipa7a9.js]
[community.cloudflare.steamstatic.com/public/shared/javascript/shared_global9ceb.js]
[community.cloudflare.steamstatic.com/public/shared/javascript/auth_refresh16dd.js]
[community.cloudflare.steamstatic.com/public/shared/javascript/logineeb8.js]
[community.cloudflare.steamstatic.com/public/shared/javascript/shared_responsive_adapter71cb.js]
[community.cloudflare.steamstatic.com/public/css/applications/community/main90e2.css]
[community.cloudflare.steamstatic.com/public/javascript/applications/community/manifest78e9.js]
[community.cloudflare.steamstatic.com/public/javascript/applications/community/libraries_b28b7af69c342.js]
[steamcommunity.com/openid/loginform/index9ee9.html]
[community.cloudflare.steamstatic.com/public/javascript/applications/community/main4e8a.js]
[community.cloudflare.steamstatic.com/public/shared/css/motiva_sans5503.css]
[community.cloudflare.steamstatic.com/public/shared/css/buttons19b1.css]
[community.cloudflare.steamstatic.com/public/shared/css/shared_global6496.css]
[community.cloudflare.steamstatic.com/public/css/globalv264d0.css]
[community.cloudflare.steamstatic.com/public/shared/css/login7269.css]
[community.cloudflare.steamstatic.com/public/css/skin_1/home3b67.css]
[community.cloudflare.steamstatic.com/public/shared/css/shared_responsive63d2.css]
[community.cloudflare.steamstatic.com/public/css/skin_1/headera0fa.css]
[community.cloudflare.steamstatic.com/public/javascript/prototype-1.7e2ad.js]
[community.cloudflare.steamstatic.com/public/javascript/scriptaculous/_combined93e8.js]
[community.cloudflare.steamstatic.com/public/javascript/globalac39.js]
[community.cloudflare.steamstatic.com/public/javascript/jquery-1.11.1.min292a.js]
[community.cloudflare.steamstatic.com/public/shared/javascript/tooltipa01f.js]
[community.cloudflare.steamstatic.com/public/shared/javascript/shared_globalcd71.js]
[community.cloudflare.steamstatic.com/public/shared/javascript/auth_refreshaa6c.js]
[community.cloudflare.steamstatic.com/public/shared/javascript/login2a6e.js]
[community.cloudflare.steamstatic.com/public/shared/javascript/shared_responsive_adapter22e8.js]
[community.cloudflare.steamstatic.com/public/css/applications/community/main5471.css]
[community.cloudflare.steamstatic.com/public/javascript/applications/community/manifeste133.js]
[community.cloudflare.steamstatic.com/public/javascript/applications/community/libraries_b28b7af690822.js]
[steamcommunity.com/openid/loginform/index0303.html]
[community.cloudflare.steamstatic.com/public/javascript/applications/community/main46a1.js]
[community.cloudflare.steamstatic.com/public/shared/css/motiva_sans9ed6.css]
[community.cloudflare.steamstatic.com/public/shared/css/buttonsac9c.css]
[community.cloudflare.steamstatic.com/public/shared/css/shared_globalfd16.css]
[community.cloudflare.steamstatic.com/public/css/globalv21041.css]
[community.cloudflare.steamstatic.com/public/shared/css/login2edb.css]
[community.cloudflare.steamstatic.com/public/css/skin_1/home3f72.css]
[community.cloudflare.steamstatic.com/public/shared/css/shared_responsivea1a9.css]
[community.cloudflare.steamstatic.com/public/css/skin_1/headerdfcd.css]
[community.cloudflare.steamstatic.com/public/javascript/prototype-1.7e764.js]
[community.cloudflare.steamstatic.com/public/javascript/scriptaculous/_combined861b.js]
[community.cloudflare.steamstatic.com/public/javascript/globalfd4d.js]
[community.cloudflare.steamstatic.com/public/javascript/jquery-1.11.1.min9d58.js]
[community.cloudflare.steamstatic.com/public/shared/javascript/tooltip8abc.js]
[community.cloudflare.steamstatic.com/public/shared/javascript/shared_global83cd.js]
[community.cloudflare.steamstatic.com/public/shared/javascript/auth_refresh5c5a.js]
[community.cloudflare.steamstatic.com/public/shared/javascript/loginbc66.js]
[community.cloudflare.steamstatic.com/public/shared/javascript/shared_responsive_adapter71db.js]
[community.cloudflare.steamstatic.com/public/css/applications/community/main3d77.css]
[community.cloudflare.steamstatic.com/public/javascript/applications/community/manifest61f9.js]
[community.cloudflare.steamstatic.com/public/javascript/applications/community/libraries_b28b7af69cbab.js]
[steamcommunity.com/openid/loginform/index7213.html]
[community.cloudflare.steamstatic.com/public/javascript/applications/community/maindf9d.js]
[community.cloudflare.steamstatic.com/public/shared/css/motiva_sans3a23.css]
[community.cloudflare.steamstatic.com/public/shared/css/buttons7860.css]
[community.cloudflare.steamstatic.com/public/shared/css/shared_globale814.css]
[community.cloudflare.steamstatic.com/public/css/globalv227f0.css]
[community.cloudflare.steamstatic.com/public/shared/css/login325d.css]
[community.cloudflare.steamstatic.com/public/css/skin_1/home8717.css]
[community.cloudflare.steamstatic.com/public/shared/css/shared_responsive84af.css]
[community.cloudflare.steamstatic.com/public/css/skin_1/header1d4d.css]
[community.cloudflare.steamstatic.com/public/javascript/prototype-1.773a8.js]
[community.cloudflare.steamstatic.com/public/javascript/scriptaculous/_combined9cc1.js]
[community.cloudflare.steamstatic.com/public/javascript/global9ed4.js]
[community.cloudflare.steamstatic.com/public/javascript/jquery-1.11.1.min96a9.js]
[community.cloudflare.steamstatic.com/public/shared/javascript/tooltipc396.js]
[community.cloudflare.steamstatic.com/public/shared/javascript/shared_globalbb9d.js]
[community.cloudflare.steamstatic.com/public/shared/javascript/auth_refresh2dbd.js]
[community.cloudflare.steamstatic.com/public/shared/javascript/login1a02.js]
[community.cloudflare.steamstatic.com/public/shared/javascript/shared_responsive_adapter01f8.js]
[community.cloudflare.steamstatic.com/public/css/applications/community/main8417.css]
[community.cloudflare.steamstatic.com/public/javascript/applications/community/manifest3374.js]
[community.cloudflare.steamstatic.com/public/javascript/applications/community/libraries_b28b7af6985b0.js]
[steamcommunity.com/openid/loginform/indexacbc.html]
[community.cloudflare.steamstatic.com/public/javascript/applications/community/main2611.js]
[community.cloudflare.steamstatic.com/public/shared/css/motiva_sans385f.css]
[community.cloudflare.steamstatic.com/public/shared/css/buttons6292.css]
[community.cloudflare.steamstatic.com/public/shared/css/shared_global44fa.css]
[community.cloudflare.steamstatic.com/public/css/globalv2a007.css]
[community.cloudflare.steamstatic.com/public/shared/css/loginabab.css]
[community.cloudflare.steamstatic.com/public/css/skin_1/home06cd.css]
[community.cloudflare.steamstatic.com/public/shared/css/shared_responsiveca42.css]
[community.cloudflare.steamstatic.com/public/css/skin_1/header8579.css]
[community.cloudflare.steamstatic.com/public/javascript/prototype-1.76f9d.js]
[community.cloudflare.steamstatic.com/public/javascript/scriptaculous/_combined7bd1.js]
[community.cloudflare.steamstatic.com/public/javascript/global6760.js]
[community.cloudflare.steamstatic.com/public/javascript/jquery-1.11.1.min9dc0.js]
[community.cloudflare.steamstatic.com/public/shared/javascript/tooltipe93f.js]
[community.cloudflare.steamstatic.com/public/shared/javascript/shared_global4ebf.js]
[community.cloudflare.steamstatic.com/public/shared/javascript/auth_refreshf765.js]
[community.cloudflare.steamstatic.com/public/shared/javascript/login9e90.js]
[community.cloudflare.steamstatic.com/public/shared/javascript/shared_responsive_adapterc7e8.js]
[community.cloudflare.steamstatic.com/public/css/applications/community/main3c40.css]
[community.cloudflare.steamstatic.com/public/javascript/applications/community/manifestf699.js]
[community.cloudflare.steamstatic.com/public/javascript/applications/community/libraries_b28b7af69589a.js]
[steamcommunity.com/openid/loginform/index5670.html]
[community.cloudflare.steamstatic.com/public/javascript/applications/community/main909a.js]
[community.cloudflare.steamstatic.com/public/shared/css/motiva_sans9309.css]
[community.cloudflare.steamstatic.com/public/shared/css/buttons1683.css]
[community.cloudflare.steamstatic.com/public/shared/css/shared_global4a38.css]
[community.cloudflare.steamstatic.com/public/css/globalv25ebc.css]
[community.cloudflare.steamstatic.com/public/shared/css/login4949.css]
[community.cloudflare.steamstatic.com/public/css/skin_1/home3e16.css]
[community.cloudflare.steamstatic.com/public/shared/css/shared_responsivec230.css]
[community.cloudflare.steamstatic.com/public/css/skin_1/header139d.css]
[community.cloudflare.steamstatic.com/public/javascript/prototype-1.7aa06.js]
[community.cloudflare.steamstatic.com/public/javascript/scriptaculous/_combined9d99.js]
[community.cloudflare.steamstatic.com/public/javascript/global9fad.js]
[community.cloudflare.steamstatic.com/public/javascript/jquery-1.11.1.mince5b.js]
[community.cloudflare.steamstatic.com/public/shared/javascript/tooltipc7cd.js]
[community.cloudflare.steamstatic.com/public/shared/javascript/shared_global349a.js]
[community.cloudflare.steamstatic.com/public/shared/javascript/auth_refresh7fb9.js]
[community.cloudflare.steamstatic.com/public/shared/javascript/logineb79.js]
[community.cloudflare.steamstatic.com/public/shared/javascript/shared_responsive_adapter118d.js]
[community.cloudflare.steamstatic.com/public/css/applications/community/main8941.css]
[community.cloudflare.steamstatic.com/public/javascript/applications/community/manifestf954.js]
[community.cloudflare.steamstatic.com/public/javascript/applications/community/libraries_b28b7af699202.js]
[steamcommunity.com/openid/loginform/index460a.html]
[community.cloudflare.steamstatic.com/public/javascript/applications/community/main8eca.js]
[community.cloudflare.steamstatic.com/public/shared/css/motiva_sans0ff3.css]
[community.cloudflare.steamstatic.com/public/shared/css/buttonsa5f5.css]
[community.cloudflare.steamstatic.com/public/shared/css/shared_global3170.css]
[community.cloudflare.steamstatic.com/public/css/globalv27a2c.css]
[community.cloudflare.steamstatic.com/public/shared/css/login300e.css]
[community.cloudflare.steamstatic.com/public/css/skin_1/home9ffa.css]
[community.cloudflare.steamstatic.com/public/shared/css/shared_responsive59be.css]
[community.cloudflare.steamstatic.com/public/css/skin_1/header5309.css]
[community.cloudflare.steamstatic.com/public/javascript/prototype-1.77371.js]
[community.cloudflare.steamstatic.com/public/javascript/scriptaculous/_combinedc310.js]
[community.cloudflare.steamstatic.com/public/javascript/global749d.js]
[community.cloudflare.steamstatic.com/public/javascript/jquery-1.11.1.minae8b.js]
[community.cloudflare.steamstatic.com/public/shared/javascript/tooltip2b6e.js]
[community.cloudflare.steamstatic.com/public/shared/javascript/shared_global5025.js]
[community.cloudflare.steamstatic.com/public/shared/javascript/auth_refreshf458.js]
[community.cloudflare.steamstatic.com/public/shared/javascript/login6174.js]
[community.cloudflare.steamstatic.com/public/shared/javascript/shared_responsive_adapter87ea.js]
[community.cloudflare.steamstatic.com/public/css/applications/community/main0887.css]
[community.cloudflare.steamstatic.com/public/javascript/applications/community/manifest2adc.js]
[community.cloudflare.steamstatic.com/public/javascript/applications/community/libraries_b28b7af695c86.js]
[steamcommunity.com/openid/loginform/index7b47.html]
[community.cloudflare.steamstatic.com/public/javascript/applications/community/main6364.js]
[community.cloudflare.steamstatic.com/public/shared/css/motiva_sans9cee.css]
[community.cloudflare.steamstatic.com/public/shared/css/buttons0b0c.css]
[community.cloudflare.steamstatic.com/public/shared/css/shared_globalb097.css]
[community.cloudflare.steamstatic.com/public/css/globalv222a4.css]
[community.cloudflare.steamstatic.com/public/shared/css/loginc28f.css]
[community.cloudflare.steamstatic.com/public/css/skin_1/homed000.css]
[community.cloudflare.steamstatic.com/public/shared/css/shared_responsive8221.css]
[community.cloudflare.steamstatic.com/public/css/skin_1/header674b.css]
[community.cloudflare.steamstatic.com/public/javascript/prototype-1.7b7fa.js]
[community.cloudflare.steamstatic.com/public/javascript/scriptaculous/_combinedc665.js]
[community.cloudflare.steamstatic.com/public/javascript/global90b6.js]
[community.cloudflare.steamstatic.com/public/javascript/jquery-1.11.1.mine1da.js]
[community.cloudflare.steamstatic.com/public/shared/javascript/tooltipf2c8.js]
[community.cloudflare.steamstatic.com/public/shared/javascript/shared_global0ace.js]
[community.cloudflare.steamstatic.com/public/shared/javascript/auth_refresh09a0.js]
[community.cloudflare.steamstatic.com/public/shared/javascript/login2bd1.js]
[community.cloudflare.steamstatic.com/public/shared/javascript/shared_responsive_adapter4538.js]
[community.cloudflare.steamstatic.com/public/css/applications/community/mainbb56.css]
[community.cloudflare.steamstatic.com/public/javascript/applications/community/manifest04d9.js]
[community.cloudflare.steamstatic.com/public/javascript/applications/community/libraries_b28b7af695529.js]
[steamcommunity.com/openid/loginform/index71d4.html]
[community.cloudflare.steamstatic.com/public/javascript/applications/community/main536d.js]
[community.cloudflare.steamstatic.com/public/shared/css/motiva_sans1fe0.css]
[community.cloudflare.steamstatic.com/public/shared/css/buttons30c5.css]
[community.cloudflare.steamstatic.com/public/shared/css/shared_globale887.css]
[community.cloudflare.steamstatic.com/public/css/globalv2f651.css]
[community.cloudflare.steamstatic.com/public/shared/css/logind321.css]
[community.cloudflare.steamstatic.com/public/css/skin_1/homef830.css]
[community.cloudflare.steamstatic.com/public/shared/css/shared_responsived236.css]
[community.cloudflare.steamstatic.com/public/css/skin_1/header882c.css]
[community.cloudflare.steamstatic.com/public/javascript/prototype-1.7fc66.js]
[community.cloudflare.steamstatic.com/public/javascript/scriptaculous/_combinedc037.js]
[community.cloudflare.steamstatic.com/public/javascript/global4cff.js]
[community.cloudflare.steamstatic.com/public/javascript/jquery-1.11.1.min5a2c.js]
[community.cloudflare.steamstatic.com/public/shared/javascript/tooltipa415.js]
[community.cloudflare.steamstatic.com/public/shared/javascript/shared_global16a0.js]
[community.cloudflare.steamstatic.com/public/shared/javascript/auth_refreshaf49.js]
[community.cloudflare.steamstatic.com/public/shared/javascript/login483a.js]
[community.cloudflare.steamstatic.com/public/shared/javascript/shared_responsive_adapter3e98.js]
[community.cloudflare.steamstatic.com/public/css/applications/community/main8521.css]
[community.cloudflare.steamstatic.com/public/javascript/applications/community/manifest2328.js]
[community.cloudflare.steamstatic.com/public/javascript/applications/community/libraries_b28b7af697042.js]
[steamcommunity.com/openid/loginform/indexaa28.html]
[community.cloudflare.steamstatic.com/public/javascript/applications/community/mainc00f.js]
[community.cloudflare.steamstatic.com/public/shared/css/motiva_sansf56d.css]
[community.cloudflare.steamstatic.com/public/shared/css/buttons4cd1.css]
[community.cloudflare.steamstatic.com/public/shared/css/shared_global0518.css]
[community.cloudflare.steamstatic.com/public/css/globalv23f15.css]
[community.cloudflare.steamstatic.com/public/shared/css/login0e6d.css]
[community.cloudflare.steamstatic.com/public/css/skin_1/homeee77.css]
[community.cloudflare.steamstatic.com/public/shared/css/shared_responsive4e31.css]
[community.cloudflare.steamstatic.com/public/css/skin_1/header76ca.css]
[community.cloudflare.steamstatic.com/public/javascript/prototype-1.7796a.js]
[community.cloudflare.steamstatic.com/public/javascript/scriptaculous/_combined0c6b.js]
[community.cloudflare.steamstatic.com/public/javascript/global62ac.js]
[community.cloudflare.steamstatic.com/public/javascript/jquery-1.11.1.min903a.js]
[community.cloudflare.steamstatic.com/public/shared/javascript/tooltipe42d.js]
[community.cloudflare.steamstatic.com/public/shared/javascript/shared_global59f5.js]
[community.cloudflare.steamstatic.com/public/shared/javascript/auth_refresh7e50.js]
[community.cloudflare.steamstatic.com/public/shared/javascript/logindc88.js]
[community.cloudflare.steamstatic.com/public/shared/javascript/shared_responsive_adapter3cb3.js]
[community.cloudflare.steamstatic.com/public/css/applications/community/mainaf69.css]
[community.cloudflare.steamstatic.com/public/javascript/applications/community/manifestc25f.js]
[community.cloudflare.steamstatic.com/public/javascript/applications/community/libraries_b28b7af6920d4.js]
[steamcommunity.com/openid/loginform/indexf951.html]
[community.cloudflare.steamstatic.com/public/javascript/applications/community/mainb7e5.js]
[community.cloudflare.steamstatic.com/public/shared/css/motiva_sansd724.css]
[community.cloudflare.steamstatic.com/public/shared/css/buttons83da.css]
[community.cloudflare.steamstatic.com/public/shared/css/shared_globalf518.css]
[community.cloudflare.steamstatic.com/public/css/globalv2b3c8.css]
[community.cloudflare.steamstatic.com/public/shared/css/logine528.css]
[community.cloudflare.steamstatic.com/public/css/skin_1/homeb9d6.css]
[community.cloudflare.steamstatic.com/public/shared/css/shared_responsive0bb2.css]
[community.cloudflare.steamstatic.com/public/css/skin_1/header609a.css]
[community.cloudflare.steamstatic.com/public/javascript/prototype-1.7f62c.js]
[community.cloudflare.steamstatic.com/public/javascript/scriptaculous/_combinede6fe.js]
[community.cloudflare.steamstatic.com/public/javascript/global2827.js]
[community.cloudflare.steamstatic.com/public/javascript/jquery-1.11.1.mind7d0.js]
[community.cloudflare.steamstatic.com/public/shared/javascript/tooltipdfd3.js]
[community.cloudflare.steamstatic.com/public/shared/javascript/shared_globalbc0b.js]
[community.cloudflare.steamstatic.com/public/shared/javascript/auth_refreshbed0.js]
[community.cloudflare.steamstatic.com/public/shared/javascript/login6a91.js]
[community.cloudflare.steamstatic.com/public/shared/javascript/shared_responsive_adapterb782.js]
[community.cloudflare.steamstatic.com/public/css/applications/community/maind6f0.css]
[community.cloudflare.steamstatic.com/public/javascript/applications/community/manifest2be3.js]
[community.cloudflare.steamstatic.com/public/javascript/applications/community/libraries_b28b7af690264.js]
[steamcommunity.com/openid/loginform/index6ad3.html]
[community.cloudflare.steamstatic.com/public/javascript/applications/community/main8b9f.js]
[community.cloudflare.steamstatic.com/public/shared/css/motiva_sansdd35.css]
[community.cloudflare.steamstatic.com/public/shared/css/buttons91c2.css]
[community.cloudflare.steamstatic.com/public/shared/css/shared_global1754.css]
[community.cloudflare.steamstatic.com/public/css/globalv2424f.css]
[community.cloudflare.steamstatic.com/public/shared/css/loginabf5.css]
[community.cloudflare.steamstatic.com/public/css/skin_1/home28cd.css]
[community.cloudflare.steamstatic.com/public/shared/css/shared_responsive85e4.css]
[community.cloudflare.steamstatic.com/public/css/skin_1/headere569.css]
[community.cloudflare.steamstatic.com/public/javascript/prototype-1.74037.js]
[community.cloudflare.steamstatic.com/public/javascript/scriptaculous/_combined556c.js]
[community.cloudflare.steamstatic.com/public/javascript/globalde8a.js]
[community.cloudflare.steamstatic.com/public/javascript/jquery-1.11.1.min047e.js]
[community.cloudflare.steamstatic.com/public/shared/javascript/tooltipbc5e.js]
[community.cloudflare.steamstatic.com/public/shared/javascript/shared_global8e08.js]
[community.cloudflare.steamstatic.com/public/shared/javascript/auth_refresh4944.js]
[community.cloudflare.steamstatic.com/public/shared/javascript/login8d6f.js]
[community.cloudflare.steamstatic.com/public/shared/javascript/shared_responsive_adapter09cd.js]
[community.cloudflare.steamstatic.com/public/css/applications/community/main336f.css]
[community.cloudflare.steamstatic.com/public/javascript/applications/community/manifest7f99.js]
[community.cloudflare.steamstatic.com/public/javascript/applications/community/libraries_b28b7af693639.js]
[steamcommunity.com/openid/loginform/indexc03d.html]
[community.cloudflare.steamstatic.com/public/javascript/applications/community/mainafa1.js]
[community.cloudflare.steamstatic.com/public/shared/css/motiva_sansb091.css]
[community.cloudflare.steamstatic.com/public/shared/css/buttonseb9c.css]
[community.cloudflare.steamstatic.com/public/shared/css/shared_global14c7.css]
[community.cloudflare.steamstatic.com/public/css/globalv2ef01.css]
[community.cloudflare.steamstatic.com/public/shared/css/logina406.css]
[community.cloudflare.steamstatic.com/public/css/skin_1/home4532.css]
[community.cloudflare.steamstatic.com/public/shared/css/shared_responsivec1fd.css]
[community.cloudflare.steamstatic.com/public/css/skin_1/headerf5d2.css]
[community.cloudflare.steamstatic.com/public/javascript/prototype-1.7cf98.js]
[community.cloudflare.steamstatic.com/public/javascript/scriptaculous/_combinedae17.js]
[community.cloudflare.steamstatic.com/public/javascript/global4621.js]
[community.cloudflare.steamstatic.com/public/javascript/jquery-1.11.1.min59d9.js]
[community.cloudflare.steamstatic.com/public/shared/javascript/tooltip0916.js]
[community.cloudflare.steamstatic.com/public/shared/javascript/shared_globaldd9f.js]
[community.cloudflare.steamstatic.com/public/shared/javascript/auth_refresh8417.js]
[community.cloudflare.steamstatic.com/public/shared/javascript/login1833.js]
[community.cloudflare.steamstatic.com/public/shared/javascript/shared_responsive_adapter5037.js]
[community.cloudflare.steamstatic.com/public/css/applications/community/main7ac3.css]
[community.cloudflare.steamstatic.com/public/javascript/applications/community/manifest39b8.js]
[community.cloudflare.steamstatic.com/public/javascript/applications/community/libraries_b28b7af698fe7.js]
[steamcommunity.com/openid/loginform/index1455.html]
[community.cloudflare.steamstatic.com/public/javascript/applications/community/main4784.js]
[community.cloudflare.steamstatic.com/public/shared/css/motiva_sans4f72.css]
[community.cloudflare.steamstatic.com/public/shared/css/buttons45f9.css]
[community.cloudflare.steamstatic.com/public/shared/css/shared_global987a.css]
[community.cloudflare.steamstatic.com/public/css/globalv291de.css]
[community.cloudflare.steamstatic.com/public/shared/css/login95b0.css]
[community.cloudflare.steamstatic.com/public/css/skin_1/home67f8.css]
[community.cloudflare.steamstatic.com/public/shared/css/shared_responsive9d19.css]
[community.cloudflare.steamstatic.com/public/css/skin_1/headerae84.css]
[community.cloudflare.steamstatic.com/public/javascript/prototype-1.7be46.js]
[community.cloudflare.steamstatic.com/public/javascript/scriptaculous/_combinedd509.js]
[community.cloudflare.steamstatic.com/public/javascript/globalb025.js]
[community.cloudflare.steamstatic.com/public/javascript/jquery-1.11.1.min8cf5.js]
[community.cloudflare.steamstatic.com/public/shared/javascript/tooltipd171.js]
[community.cloudflare.steamstatic.com/public/shared/javascript/shared_global232c.js]
[community.cloudflare.steamstatic.com/public/shared/javascript/auth_refresh1dbc.js]
[community.cloudflare.steamstatic.com/public/shared/javascript/login3ce8.js]
[community.cloudflare.steamstatic.com/public/shared/javascript/shared_responsive_adapterf008.js]
[community.cloudflare.steamstatic.com/public/css/applications/community/main8c6a.css]
[community.cloudflare.steamstatic.com/public/javascript/applications/community/manifest6049.js]
[community.cloudflare.steamstatic.com/public/javascript/applications/community/libraries_b28b7af69709a.js]
[steamcommunity.com/openid/loginform/index8d4e.html]
[community.cloudflare.steamstatic.com/public/javascript/applications/community/main41c6.js]
[community.cloudflare.steamstatic.com/public/shared/css/motiva_sanse14c.css]
[community.cloudflare.steamstatic.com/public/shared/css/buttons390b.css]
[community.cloudflare.steamstatic.com/public/shared/css/shared_global95b2.css]
[community.cloudflare.steamstatic.com/public/css/globalv2f950.css]
[community.cloudflare.steamstatic.com/public/shared/css/login82cf.css]
[community.cloudflare.steamstatic.com/public/css/skin_1/home0215.css]
[community.cloudflare.steamstatic.com/public/shared/css/shared_responsiveea58.css]
[community.cloudflare.steamstatic.com/public/css/skin_1/headerceb9.css]
[community.cloudflare.steamstatic.com/public/javascript/prototype-1.77cff.js]
[community.cloudflare.steamstatic.com/public/javascript/scriptaculous/_combined3000.js]
[community.cloudflare.steamstatic.com/public/javascript/global3f78.js]
[community.cloudflare.steamstatic.com/public/javascript/jquery-1.11.1.min3c85.js]
[community.cloudflare.steamstatic.com/public/shared/javascript/tooltip754b.js]
[community.cloudflare.steamstatic.com/public/shared/javascript/shared_globalde2e.js]
[community.cloudflare.steamstatic.com/public/shared/javascript/auth_refreshee4c.js]
[community.cloudflare.steamstatic.com/public/shared/javascript/login1f19.js]
[community.cloudflare.steamstatic.com/public/shared/javascript/shared_responsive_adapterd30c.js]
[community.cloudflare.steamstatic.com/public/css/applications/community/maina10b.css]
[community.cloudflare.steamstatic.com/public/javascript/applications/community/manifesta4f3.js]
[community.cloudflare.steamstatic.com/public/javascript/applications/community/libraries_b28b7af69e24b.js]
[steamcommunity.com/openid/loginform/indexf37c.html]
[community.cloudflare.steamstatic.com/public/javascript/applications/community/main0a93.js]
[community.cloudflare.steamstatic.com/public/shared/css/motiva_sans4b06.css]
[community.cloudflare.steamstatic.com/public/shared/css/buttons84a7.css]
[community.cloudflare.steamstatic.com/public/shared/css/shared_global37b5.css]
[community.cloudflare.steamstatic.com/public/css/globalv2d208.css]
[community.cloudflare.steamstatic.com/public/shared/css/login4d2a.css]
[community.cloudflare.steamstatic.com/public/css/skin_1/home1a41.css]
[community.cloudflare.steamstatic.com/public/shared/css/shared_responsive92a9.css]
[community.cloudflare.steamstatic.com/public/css/skin_1/header6e92.css]
[community.cloudflare.steamstatic.com/public/javascript/prototype-1.79773.js]
[community.cloudflare.steamstatic.com/public/javascript/scriptaculous/_combined8e72.js]
[community.cloudflare.steamstatic.com/public/javascript/globalbec5.js]
[community.cloudflare.steamstatic.com/public/javascript/jquery-1.11.1.min9e25.js]
[community.cloudflare.steamstatic.com/public/shared/javascript/tooltip5850.js]
[community.cloudflare.steamstatic.com/public/shared/javascript/shared_global4629.js]
[community.cloudflare.steamstatic.com/public/shared/javascript/auth_refresh2d3d.js]
[community.cloudflare.steamstatic.com/public/shared/javascript/logine510.js]
[community.cloudflare.steamstatic.com/public/shared/javascript/shared_responsive_adapter0221.js]
[community.cloudflare.steamstatic.com/public/css/applications/community/mainc6c0.css]
[community.cloudflare.steamstatic.com/public/javascript/applications/community/manifest4029.js]
[community.cloudflare.steamstatic.com/public/javascript/applications/community/libraries_b28b7af696ce5.js]
[steamcommunity.com/openid/loginform/index9323.html]
[community.cloudflare.steamstatic.com/public/javascript/applications/community/main7e7e.js]
[community.cloudflare.steamstatic.com/public/shared/css/motiva_sansb113.css]
[community.cloudflare.steamstatic.com/public/shared/css/buttons5ff6.css]
[community.cloudflare.steamstatic.com/public/shared/css/shared_globalfa3c.css]
[community.cloudflare.steamstatic.com/public/css/globalv20b22.css]
[community.cloudflare.steamstatic.com/public/shared/css/login6e00.css]
[community.cloudflare.steamstatic.com/public/css/skin_1/homeb907.css]
[community.cloudflare.steamstatic.com/public/shared/css/shared_responsivec735.css]
[community.cloudflare.steamstatic.com/public/css/skin_1/header353d.css]
[community.cloudflare.steamstatic.com/public/javascript/prototype-1.7f6fa.js]
[community.cloudflare.steamstatic.com/public/javascript/scriptaculous/_combinedf466.js]
[community.cloudflare.steamstatic.com/public/javascript/global4e76.js]
[community.cloudflare.steamstatic.com/public/javascript/jquery-1.11.1.minf848.js]
[community.cloudflare.steamstatic.com/public/shared/javascript/tooltip4514.js]
[community.cloudflare.steamstatic.com/public/shared/javascript/shared_globalcbdc.js]
[community.cloudflare.steamstatic.com/public/shared/javascript/auth_refresha2ce.js]
[community.cloudflare.steamstatic.com/public/shared/javascript/login0eea.js]
[community.cloudflare.steamstatic.com/public/shared/javascript/shared_responsive_adapter85d2.js]
[community.cloudflare.steamstatic.com/public/css/applications/community/main5380.css]
[community.cloudflare.steamstatic.com/public/javascript/applications/community/manifest4edd.js]
[community.cloudflare.steamstatic.com/public/javascript/applications/community/libraries_b28b7af69387c.js]
[steamcommunity.com/openid/loginform/index1ef1.html]
[community.cloudflare.steamstatic.com/public/javascript/applications/community/mainf47e.js]
[community.cloudflare.steamstatic.com/public/shared/css/motiva_sans01a2.css]
[community.cloudflare.steamstatic.com/public/shared/css/buttonsb728.css]
[community.cloudflare.steamstatic.com/public/shared/css/shared_globalb757.css]
[community.cloudflare.steamstatic.com/public/css/globalv22593.css]
[community.cloudflare.steamstatic.com/public/shared/css/login708b.css]
[community.cloudflare.steamstatic.com/public/css/skin_1/home16bc.css]
[community.cloudflare.steamstatic.com/public/shared/css/shared_responsive5fe0.css]
[community.cloudflare.steamstatic.com/public/css/skin_1/headerdce4.css]
[community.cloudflare.steamstatic.com/public/javascript/prototype-1.74f67.js]
[community.cloudflare.steamstatic.com/public/javascript/scriptaculous/_combinedf141.js]
[community.cloudflare.steamstatic.com/public/javascript/globale76e.js]
[community.cloudflare.steamstatic.com/public/javascript/jquery-1.11.1.min9ca3.js]
[community.cloudflare.steamstatic.com/public/shared/javascript/tooltip5cf7.js]
[community.cloudflare.steamstatic.com/public/shared/javascript/shared_global699b.js]
[community.cloudflare.steamstatic.com/public/shared/javascript/auth_refresh52b0.js]
[community.cloudflare.steamstatic.com/public/shared/javascript/login0d9c.js]
[community.cloudflare.steamstatic.com/public/shared/javascript/shared_responsive_adapter915f.js]
[community.cloudflare.steamstatic.com/public/css/applications/community/mainf6ca.css]
[community.cloudflare.steamstatic.com/public/javascript/applications/community/manifeste6bd.js]
[community.cloudflare.steamstatic.com/public/javascript/applications/community/libraries_b28b7af6954bc.js]
[steamcommunity.com/openid/loginform/index8c52.html]
[community.cloudflare.steamstatic.com/public/javascript/applications/community/main5a3a.js]
[community.cloudflare.steamstatic.com/public/shared/css/motiva_sansad25.css]
[community.cloudflare.steamstatic.com/public/shared/css/buttons06a3.css]
[community.cloudflare.steamstatic.com/public/shared/css/shared_global8f3f.css]
[community.cloudflare.steamstatic.com/public/css/globalv2d467.css]
[community.cloudflare.steamstatic.com/public/shared/css/login662d.css]
[community.cloudflare.steamstatic.com/public/css/skin_1/homea43c.css]
[community.cloudflare.steamstatic.com/public/shared/css/shared_responsivec47b.css]
[community.cloudflare.steamstatic.com/public/css/skin_1/headerebc7.css]
[community.cloudflare.steamstatic.com/public/javascript/prototype-1.7ac6f.js]
[community.cloudflare.steamstatic.com/public/javascript/scriptaculous/_combined0745.js]
[community.cloudflare.steamstatic.com/public/javascript/global95fa.js]
[community.cloudflare.steamstatic.com/public/javascript/jquery-1.11.1.min0e90.js]
[community.cloudflare.steamstatic.com/public/shared/javascript/tooltip7760.js]
[community.cloudflare.steamstatic.com/public/shared/javascript/shared_global432a.js]
[community.cloudflare.steamstatic.com/public/shared/javascript/auth_refreshe765.js]
[community.cloudflare.steamstatic.com/public/shared/javascript/login8458.js]
[community.cloudflare.steamstatic.com/public/shared/javascript/shared_responsive_adaptere93e.js]
[community.cloudflare.steamstatic.com/public/css/applications/community/main5480.css]
[community.cloudflare.steamstatic.com/public/javascript/applications/community/manifest689b.js]
[community.cloudflare.steamstatic.com/public/javascript/applications/community/libraries_b28b7af69d93b.js]
[steamcommunity.com/openid/loginform/indexb403.html]
[community.cloudflare.steamstatic.com/public/javascript/applications/community/main89cf.js]
[community.cloudflare.steamstatic.com/public/images/applications/community/keybgd4a4.png]
[community.cloudflare.steamstatic.com/public/css/applications/community/main3033.css]
[rustavalon.com/css/reset.css]
[rustavalon.com/css/tipped.css]
[rustavalon.com/fonts/roboto-medium.html]
[rustavalon.com/fonts/roboto-medium-2.html]
[rustavalon.com/img/twitter_blue.html]
[rustavalon.com/img/social-div.html]
[rustavalon.com/css/images/facebook.html]
[rustavalon.com/css/images/steam.html]
[rustavalon.com/css/images/twitter.html]
[kingskin.org/images/header.html]
[rustavalon.com/img/logotype202c.html]
[rustavalon.com/css/images/history-short.html]
[rustavalon.com/css/images/history-short-1.html]
[rustavalon.com/css/images/history-short-5.html]
[rustavalon.com/img/add_button/button_csgo.html]
[rustavalon.com/img/add_button/button_csgo_hover.html]
[rustavalon.com/img/add_button/button_dota2.html]
[rustavalon.com/img/add_button/button_dota2_hover.html]
[community.cloudflare.steamstatic.com/public/shared/images/header/inbox_async_game_invite.html]
[community.cloudflare.steamstatic.com/public/shared/css/motiva_sans1db2.css]
[community.cloudflare.steamstatic.com/public/shared/css/buttons6670.css]
[community.cloudflare.steamstatic.com/public/shared/css/shared_globalb4dd.css]
[community.cloudflare.steamstatic.com/public/css/globalv23ee6.css]
[community.cloudflare.steamstatic.com/public/shared/css/logincd05.css]
[community.cloudflare.steamstatic.com/public/css/skin_1/homedd22.css]
[community.cloudflare.steamstatic.com/public/shared/css/shared_responsiveee3c.css]
[community.cloudflare.steamstatic.com/public/css/skin_1/headerd6dc.css]
[steamcommunity.com/openid/loginform/index3b6f.html]
[community.cloudflare.steamstatic.com/public/css/applications/community/main58a8.css]
[community.cloudflare.steamstatic.com/public/shared/css/motiva_sans0663.css]
[community.cloudflare.steamstatic.com/public/shared/css/buttons560b.css]
[community.cloudflare.steamstatic.com/public/shared/css/shared_globalc56a.css]
[community.cloudflare.steamstatic.com/public/css/globalv2720f.css]
[community.cloudflare.steamstatic.com/public/shared/css/logine4b0.css]
[community.cloudflare.steamstatic.com/public/css/skin_1/home44b6.css]
[community.cloudflare.steamstatic.com/public/shared/css/shared_responsive8ab9.css]
[community.cloudflare.steamstatic.com/public/css/skin_1/header532a.css]
[community.cloudflare.steamstatic.com/public/css/applications/community/maina849.css]
[community.cloudflare.steamstatic.com/public/shared/css/motiva_sansf498.css]
[community.cloudflare.steamstatic.com/public/shared/css/buttonsa3ba.css]
[community.cloudflare.steamstatic.com/public/shared/css/shared_globalf455.css]
[community.cloudflare.steamstatic.com/public/css/globalv2fe60.css]
[community.cloudflare.steamstatic.com/public/shared/css/login4398.css]
[community.cloudflare.steamstatic.com/public/css/skin_1/homeee60.css]
[community.cloudflare.steamstatic.com/public/shared/css/shared_responsive6678.css]
[community.cloudflare.steamstatic.com/public/css/skin_1/header32f9.css]
[community.cloudflare.steamstatic.com/public/css/applications/community/main9515.css]
[community.cloudflare.steamstatic.com/public/shared/css/motiva_sanseeda.css]
[community.cloudflare.steamstatic.com/public/shared/css/buttons3245.css]
[community.cloudflare.steamstatic.com/public/shared/css/shared_global19e9.css]
[community.cloudflare.steamstatic.com/public/css/globalv2ce24.css]
[community.cloudflare.steamstatic.com/public/shared/css/login2477.css]
[community.cloudflare.steamstatic.com/public/css/skin_1/home9e91.css]
[community.cloudflare.steamstatic.com/public/shared/css/shared_responsive2e8d.css]
[community.cloudflare.steamstatic.com/public/css/skin_1/header2f76.css]
[community.cloudflare.steamstatic.com/public/css/applications/community/mainf0ff.css]
[community.cloudflare.steamstatic.com/public/shared/css/motiva_sans32e0.css]
[community.cloudflare.steamstatic.com/public/shared/css/buttons9f2f.css]
[community.cloudflare.steamstatic.com/public/shared/css/shared_global548d.css]
[community.cloudflare.steamstatic.com/public/css/globalv2bc11.css]
[community.cloudflare.steamstatic.com/public/shared/css/login4495.css]
[community.cloudflare.steamstatic.com/public/css/skin_1/home2e14.css]
[community.cloudflare.steamstatic.com/public/shared/css/shared_responsive0181.css]
[community.cloudflare.steamstatic.com/public/css/skin_1/headerf13c.css]
[community.cloudflare.steamstatic.com/public/css/applications/community/main9c5c.css]
[community.cloudflare.steamstatic.com/public/shared/css/motiva_sans5ca9.css]
[community.cloudflare.steamstatic.com/public/shared/css/buttonsdc74.css]
[community.cloudflare.steamstatic.com/public/shared/css/shared_global1dd0.css]
[community.cloudflare.steamstatic.com/public/css/globalv25af2.css]
[community.cloudflare.steamstatic.com/public/shared/css/logindfe7.css]
[community.cloudflare.steamstatic.com/public/css/skin_1/home680b.css]
[community.cloudflare.steamstatic.com/public/shared/css/shared_responsive49f5.css]
[community.cloudflare.steamstatic.com/public/css/skin_1/header2045.css]
[community.cloudflare.steamstatic.com/public/css/applications/community/main74a8.css]
[community.cloudflare.steamstatic.com/public/shared/css/motiva_sansce93.css]
[community.cloudflare.steamstatic.com/public/shared/css/buttons0670.css]
[community.cloudflare.steamstatic.com/public/shared/css/shared_globale6b7.css]
[community.cloudflare.steamstatic.com/public/css/globalv28745.css]
[community.cloudflare.steamstatic.com/public/shared/css/login43c9.css]
[community.cloudflare.steamstatic.com/public/css/skin_1/home71a4.css]
[community.cloudflare.steamstatic.com/public/shared/css/shared_responsive3bde.css]
[community.cloudflare.steamstatic.com/public/css/skin_1/header7391.css]
[community.cloudflare.steamstatic.com/public/css/applications/community/main3c17.css]
[community.cloudflare.steamstatic.com/public/shared/css/motiva_sans871e.css]
[community.cloudflare.steamstatic.com/public/shared/css/buttons17ea.css]
[community.cloudflare.steamstatic.com/public/shared/css/shared_globale217.css]
[community.cloudflare.steamstatic.com/public/css/globalv2fee8.css]
[community.cloudflare.steamstatic.com/public/shared/css/loginfa67.css]
[community.cloudflare.steamstatic.com/public/css/skin_1/home387a.css]
[community.cloudflare.steamstatic.com/public/shared/css/shared_responsive1785.css]
[community.cloudflare.steamstatic.com/public/css/skin_1/header9102.css]
[community.cloudflare.steamstatic.com/public/css/applications/community/mainf953.css]
[community.cloudflare.steamstatic.com/public/shared/css/motiva_sans5435.css]
[community.cloudflare.steamstatic.com/public/shared/css/buttons157b.css]
[community.cloudflare.steamstatic.com/public/shared/css/shared_global9271.css]
[community.cloudflare.steamstatic.com/public/css/globalv2cf70.css]
[community.cloudflare.steamstatic.com/public/shared/css/login56d6.css]
[community.cloudflare.steamstatic.com/public/css/skin_1/home658d.css]
[community.cloudflare.steamstatic.com/public/shared/css/shared_responsive116a.css]
[community.cloudflare.steamstatic.com/public/css/skin_1/headere1c0.css]
[community.cloudflare.steamstatic.com/public/css/applications/community/maind503.css]
[community.cloudflare.steamstatic.com/public/shared/css/motiva_sans4735.css]
[community.cloudflare.steamstatic.com/public/shared/css/buttons5c0b.css]
[community.cloudflare.steamstatic.com/public/shared/css/shared_globala877.css]
[community.cloudflare.steamstatic.com/public/css/globalv29ee6.css]
[community.cloudflare.steamstatic.com/public/shared/css/login6674.css]
[community.cloudflare.steamstatic.com/public/css/skin_1/home1b6c.css]
[community.cloudflare.steamstatic.com/public/shared/css/shared_responsive2219.css]
[community.cloudflare.steamstatic.com/public/css/skin_1/headerb1cc.css]
[community.cloudflare.steamstatic.com/public/css/applications/community/main90e2.css]
[community.cloudflare.steamstatic.com/public/shared/css/motiva_sans5503.css]
[community.cloudflare.steamstatic.com/public/shared/css/buttons19b1.css]
[community.cloudflare.steamstatic.com/public/shared/css/shared_global6496.css]
[community.cloudflare.steamstatic.com/public/css/globalv264d0.css]
[community.cloudflare.steamstatic.com/public/shared/css/login7269.css]
[community.cloudflare.steamstatic.com/public/css/skin_1/home3b67.css]
[community.cloudflare.steamstatic.com/public/shared/css/shared_responsive63d2.css]
[community.cloudflare.steamstatic.com/public/css/skin_1/headera0fa.css]
[community.cloudflare.steamstatic.com/public/css/applications/community/main5471.css]
[community.cloudflare.steamstatic.com/public/shared/css/motiva_sans9ed6.css]
[community.cloudflare.steamstatic.com/public/shared/css/buttonsac9c.css]
[community.cloudflare.steamstatic.com/public/shared/css/shared_globalfd16.css]
[community.cloudflare.steamstatic.com/public/css/globalv21041.css]
[community.cloudflare.steamstatic.com/public/shared/css/login2edb.css]
[community.cloudflare.steamstatic.com/public/css/skin_1/home3f72.css]
[community.cloudflare.steamstatic.com/public/shared/css/shared_responsivea1a9.css]
[community.cloudflare.steamstatic.com/public/css/skin_1/headerdfcd.css]
[community.cloudflare.steamstatic.com/public/css/applications/community/main3d77.css]
[community.cloudflare.steamstatic.com/public/shared/css/motiva_sans3a23.css]
[community.cloudflare.steamstatic.com/public/shared/css/buttons7860.css]
[community.cloudflare.steamstatic.com/public/shared/css/shared_globale814.css]
[community.cloudflare.steamstatic.com/public/css/globalv227f0.css]
[community.cloudflare.steamstatic.com/public/shared/css/login325d.css]
[community.cloudflare.steamstatic.com/public/css/skin_1/home8717.css]
[community.cloudflare.steamstatic.com/public/shared/css/shared_responsive84af.css]
[community.cloudflare.steamstatic.com/public/css/skin_1/header1d4d.css]
[community.cloudflare.steamstatic.com/public/css/applications/community/main8417.css]
[community.cloudflare.steamstatic.com/public/shared/css/motiva_sans385f.css]
[community.cloudflare.steamstatic.com/public/shared/css/buttons6292.css]
[community.cloudflare.steamstatic.com/public/shared/css/shared_global44fa.css]
[community.cloudflare.steamstatic.com/public/css/globalv2a007.css]
[community.cloudflare.steamstatic.com/public/shared/css/loginabab.css]
[community.cloudflare.steamstatic.com/public/css/skin_1/home06cd.css]
[community.cloudflare.steamstatic.com/public/shared/css/shared_responsiveca42.css]
[community.cloudflare.steamstatic.com/public/css/skin_1/header8579.css]
[community.cloudflare.steamstatic.com/public/css/applications/community/main3c40.css]
[community.cloudflare.steamstatic.com/public/shared/css/motiva_sans9309.css]
[community.cloudflare.steamstatic.com/public/shared/css/buttons1683.css]
[community.cloudflare.steamstatic.com/public/shared/css/shared_global4a38.css]
[community.cloudflare.steamstatic.com/public/css/globalv25ebc.css]
[community.cloudflare.steamstatic.com/public/shared/css/login4949.css]
[community.cloudflare.steamstatic.com/public/css/skin_1/home3e16.css]
[community.cloudflare.steamstatic.com/public/shared/css/shared_responsivec230.css]
[community.cloudflare.steamstatic.com/public/css/skin_1/header139d.css]
[community.cloudflare.steamstatic.com/public/css/applications/community/main8941.css]
[community.cloudflare.steamstatic.com/public/shared/css/motiva_sans0ff3.css]
[community.cloudflare.steamstatic.com/public/shared/css/buttonsa5f5.css]
[community.cloudflare.steamstatic.com/public/shared/css/shared_global3170.css]
[community.cloudflare.steamstatic.com/public/css/globalv27a2c.css]
[community.cloudflare.steamstatic.com/public/shared/css/login300e.css]
[community.cloudflare.steamstatic.com/public/css/skin_1/home9ffa.css]
[community.cloudflare.steamstatic.com/public/shared/css/shared_responsive59be.css]
[community.cloudflare.steamstatic.com/public/css/skin_1/header5309.css]
[community.cloudflare.steamstatic.com/public/css/applications/community/main0887.css]
[community.cloudflare.steamstatic.com/public/shared/css/motiva_sans9cee.css]
[community.cloudflare.steamstatic.com/public/shared/css/buttons0b0c.css]
[community.cloudflare.steamstatic.com/public/shared/css/shared_globalb097.css]
[community.cloudflare.steamstatic.com/public/css/globalv222a4.css]
[community.cloudflare.steamstatic.com/public/shared/css/loginc28f.css]
[community.cloudflare.steamstatic.com/public/css/skin_1/homed000.css]
[community.cloudflare.steamstatic.com/public/shared/css/shared_responsive8221.css]
[community.cloudflare.steamstatic.com/public/css/skin_1/header674b.css]
[community.cloudflare.steamstatic.com/public/css/applications/community/mainbb56.css]
[community.cloudflare.steamstatic.com/public/shared/css/motiva_sans1fe0.css]
[community.cloudflare.steamstatic.com/public/shared/css/buttons30c5.css]
[community.cloudflare.steamstatic.com/public/shared/css/shared_globale887.css]
[community.cloudflare.steamstatic.com/public/css/globalv2f651.css]
[community.cloudflare.steamstatic.com/public/shared/css/logind321.css]
[community.cloudflare.steamstatic.com/public/css/skin_1/homef830.css]
[community.cloudflare.steamstatic.com/public/shared/css/shared_responsived236.css]
[community.cloudflare.steamstatic.com/public/css/skin_1/header882c.css]
[community.cloudflare.steamstatic.com/public/css/applications/community/main8521.css]
[community.cloudflare.steamstatic.com/public/shared/css/motiva_sansf56d.css]
[community.cloudflare.steamstatic.com/public/shared/css/buttons4cd1.css]
[community.cloudflare.steamstatic.com/public/shared/css/shared_global0518.css]
[community.cloudflare.steamstatic.com/public/css/globalv23f15.css]
[community.cloudflare.steamstatic.com/public/shared/css/login0e6d.css]
[community.cloudflare.steamstatic.com/public/css/skin_1/homeee77.css]
[community.cloudflare.steamstatic.com/public/shared/css/shared_responsive4e31.css]
[community.cloudflare.steamstatic.com/public/css/skin_1/header76ca.css]
[community.cloudflare.steamstatic.com/public/css/applications/community/mainaf69.css]
[community.cloudflare.steamstatic.com/public/shared/css/motiva_sansd724.css]
[community.cloudflare.steamstatic.com/public/shared/css/buttons83da.css]
[community.cloudflare.steamstatic.com/public/shared/css/shared_globalf518.css]
[community.cloudflare.steamstatic.com/public/css/globalv2b3c8.css]
[community.cloudflare.steamstatic.com/public/shared/css/logine528.css]
[community.cloudflare.steamstatic.com/public/css/skin_1/homeb9d6.css]
[community.cloudflare.steamstatic.com/public/shared/css/shared_responsive0bb2.css]
[community.cloudflare.steamstatic.com/public/css/skin_1/header609a.css]
[community.cloudflare.steamstatic.com/public/css/applications/community/maind6f0.css]
[community.cloudflare.steamstatic.com/public/shared/css/motiva_sansdd35.css]
[community.cloudflare.steamstatic.com/public/shared/css/buttons91c2.css]
[community.cloudflare.steamstatic.com/public/shared/css/shared_global1754.css]
[community.cloudflare.steamstatic.com/public/css/globalv2424f.css]
[community.cloudflare.steamstatic.com/public/shared/css/loginabf5.css]
[community.cloudflare.steamstatic.com/public/css/skin_1/home28cd.css]
[community.cloudflare.steamstatic.com/public/shared/css/shared_responsive85e4.css]
[community.cloudflare.steamstatic.com/public/css/skin_1/headere569.css]
[community.cloudflare.steamstatic.com/public/css/applications/community/main336f.css]
[community.cloudflare.steamstatic.com/public/shared/css/motiva_sansb091.css]
[community.cloudflare.steamstatic.com/public/shared/css/buttonseb9c.css]
[community.cloudflare.steamstatic.com/public/shared/css/shared_global14c7.css]
[community.cloudflare.steamstatic.com/public/css/globalv2ef01.css]
[community.cloudflare.steamstatic.com/public/shared/css/logina406.css]
[community.cloudflare.steamstatic.com/public/css/skin_1/home4532.css]
[community.cloudflare.steamstatic.com/public/shared/css/shared_responsivec1fd.css]
[community.cloudflare.steamstatic.com/public/css/skin_1/headerf5d2.css]
[community.cloudflare.steamstatic.com/public/css/applications/community/main7ac3.css]
[community.cloudflare.steamstatic.com/public/shared/css/motiva_sans4f72.css]
[community.cloudflare.steamstatic.com/public/shared/css/buttons45f9.css]
[community.cloudflare.steamstatic.com/public/shared/css/shared_global987a.css]
[community.cloudflare.steamstatic.com/public/css/globalv291de.css]
[community.cloudflare.steamstatic.com/public/shared/css/login95b0.css]
[community.cloudflare.steamstatic.com/public/css/skin_1/home67f8.css]
[community.cloudflare.steamstatic.com/public/shared/css/shared_responsive9d19.css]
[community.cloudflare.steamstatic.com/public/css/skin_1/headerae84.css]
[community.cloudflare.steamstatic.com/public/css/applications/community/main8c6a.css]
[community.cloudflare.steamstatic.com/public/shared/css/motiva_sanse14c.css]
[community.cloudflare.steamstatic.com/public/shared/css/buttons390b.css]
[community.cloudflare.steamstatic.com/public/shared/css/shared_global95b2.css]
[community.cloudflare.steamstatic.com/public/css/globalv2f950.css]
[community.cloudflare.steamstatic.com/public/shared/css/login82cf.css]
[community.cloudflare.steamstatic.com/public/css/skin_1/home0215.css]
[community.cloudflare.steamstatic.com/public/shared/css/shared_responsiveea58.css]
[community.cloudflare.steamstatic.com/public/css/skin_1/headerceb9.css]
[community.cloudflare.steamstatic.com/public/css/applications/community/maina10b.css]
[community.cloudflare.steamstatic.com/public/shared/css/motiva_sans4b06.css]
[community.cloudflare.steamstatic.com/public/shared/css/buttons84a7.css]
[community.cloudflare.steamstatic.com/public/shared/css/shared_global37b5.css]
[community.cloudflare.steamstatic.com/public/css/globalv2d208.css]
[community.cloudflare.steamstatic.com/public/shared/css/login4d2a.css]
[community.cloudflare.steamstatic.com/public/css/skin_1/home1a41.css]
[community.cloudflare.steamstatic.com/public/shared/css/shared_responsive92a9.css]
[community.cloudflare.steamstatic.com/public/css/skin_1/header6e92.css]
[community.cloudflare.steamstatic.com/public/css/applications/community/mainc6c0.css]
[community.cloudflare.steamstatic.com/public/shared/css/motiva_sansb113.css]
[community.cloudflare.steamstatic.com/public/shared/css/buttons5ff6.css]
[community.cloudflare.steamstatic.com/public/shared/css/shared_globalfa3c.css]
[community.cloudflare.steamstatic.com/public/css/globalv20b22.css]
[community.cloudflare.steamstatic.com/public/shared/css/login6e00.css]
[community.cloudflare.steamstatic.com/public/css/skin_1/homeb907.css]
[community.cloudflare.steamstatic.com/public/shared/css/shared_responsivec735.css]
[community.cloudflare.steamstatic.com/public/css/skin_1/header353d.css]
[community.cloudflare.steamstatic.com/public/css/applications/community/main5380.css]
[community.cloudflare.steamstatic.com/public/shared/css/motiva_sans01a2.css]
[community.cloudflare.steamstatic.com/public/shared/css/buttonsb728.css]
[community.cloudflare.steamstatic.com/public/shared/css/shared_globalb757.css]
[community.cloudflare.steamstatic.com/public/css/globalv22593.css]
[community.cloudflare.steamstatic.com/public/shared/css/login708b.css]
[community.cloudflare.steamstatic.com/public/css/skin_1/home16bc.css]
[community.cloudflare.steamstatic.com/public/shared/css/shared_responsive5fe0.css]
[community.cloudflare.steamstatic.com/public/css/skin_1/headerdce4.css]
[community.cloudflare.steamstatic.com/public/css/applications/community/mainf6ca.css]
[community.cloudflare.steamstatic.com/public/shared/css/motiva_sansad25.css]
[community.cloudflare.steamstatic.com/public/shared/css/buttons06a3.css]
[community.cloudflare.steamstatic.com/public/shared/css/shared_global8f3f.css]
[community.cloudflare.steamstatic.com/public/css/globalv2d467.css]
[community.cloudflare.steamstatic.com/public/shared/css/login662d.css]
[community.cloudflare.steamstatic.com/public/css/skin_1/homea43c.css]
[community.cloudflare.steamstatic.com/public/shared/css/shared_responsivec47b.css]
[community.cloudflare.steamstatic.com/public/css/skin_1/headerebc7.css]
[community.cloudflare.steamstatic.com/public/css/applications/community/main5480.css]
[pubgslot.com/img/logo.png]
